--------------------------------------------------------------------------------
Release 14.7 Trace  (nt)
Copyright (c) 1995-2013 Xilinx, Inc.  All rights reserved.

C:\Xilinx\14.7\ISE_DS\ISE\bin\nt\unwrapped\trce.exe -v 3 -s 5 -n 3 -fastpaths
group_photos_top.ncd group_photos_top.pcf -o group_photos_top_postpar.twr

Design file:              group_photos_top.ncd
Physical constraint file: group_photos_top.pcf
Device,package,speed:     xc3s500e,fg320,-5 (PRODUCTION 1.27 2013-10-13)
Report level:             verbose report

Environment Variable      Effect 
--------------------      ------ 
NONE                      No environment variables were set
--------------------------------------------------------------------------------

INFO:Timing:2698 - No timing constraints found, doing default enumeration.
INFO:Timing:3412 - To improve timing, see the Timing Closure User Guide (UG612).
INFO:Timing:2752 - To get complete path coverage, use the unconstrained paths 
   option. All paths that are not constrained will be reported in the 
   unconstrained paths section(s) of the report.
INFO:Timing:3339 - The clock-to-out numbers in this timing report are based on 
   a 50 Ohm transmission line loading model.  For the details of this model, 
   and for more information on accounting for different loading conditions, 
   please see the device datasheet.
INFO:Timing:3390 - This architecture does not support a default System Jitter 
   value, please add SYSTEM_JITTER constraint to the UCF to modify the Clock 
   Uncertainty calculation.
INFO:Timing:3389 - This architecture does not support 'Discrete Jitter' and 
   'Phase Error' calculations, these terms will be zero in the Clock 
   Uncertainty calculation.  Please make appropriate modification to 
   SYSTEM_JITTER to account for the unsupported Discrete Jitter and Phase 
   Error.



Data Sheet report:
-----------------
All values displayed in nanoseconds (ns)

Clock to Setup on destination clock mclk
---------------+---------+---------+---------+---------+
               | Src:Rise| Src:Fall| Src:Rise| Src:Fall|
Source Clock   |Dest:Rise|Dest:Rise|Dest:Fall|Dest:Fall|
---------------+---------+---------+---------+---------+
mclk           |    2.752|         |         |         |
---------------+---------+---------+---------+---------+

Pad to Pad
---------------+---------------+---------+
Source Pad     |Destination Pad|  Delay  |
---------------+---------------+---------+
sw<2>          |blue<0>        |   12.125|
sw<2>          |blue<1>        |   12.744|
sw<2>          |green<0>       |   12.087|
sw<2>          |green<1>       |   12.620|
sw<2>          |green<2>       |   12.352|
sw<2>          |red<0>         |   11.685|
sw<2>          |red<1>         |   11.403|
sw<2>          |red<2>         |   11.503|
sw<3>          |blue<0>        |   11.884|
sw<3>          |blue<1>        |   12.503|
sw<3>          |green<0>       |   11.846|
sw<3>          |green<1>       |   12.379|
sw<3>          |green<2>       |   12.111|
sw<3>          |red<0>         |   11.444|
sw<3>          |red<1>         |   11.162|
sw<3>          |red<2>         |   11.262|
sw<4>          |blue<0>        |   11.965|
sw<4>          |blue<1>        |   12.417|
sw<4>          |green<0>       |   11.628|
sw<4>          |green<1>       |   12.539|
sw<4>          |green<2>       |   11.977|
sw<4>          |red<0>         |   11.112|
sw<4>          |red<1>         |   11.374|
sw<4>          |red<2>         |   11.497|
sw<5>          |blue<0>        |   11.628|
sw<5>          |blue<1>        |   12.080|
sw<5>          |green<0>       |   11.291|
sw<5>          |green<1>       |   12.202|
sw<5>          |green<2>       |   11.640|
sw<5>          |red<0>         |   10.775|
sw<5>          |red<1>         |   11.037|
sw<5>          |red<2>         |   11.160|
sw<6>          |blue<0>        |   13.601|
sw<6>          |blue<1>        |   13.512|
sw<6>          |green<0>       |   12.817|
sw<6>          |green<1>       |   13.719|
sw<6>          |green<2>       |   12.677|
sw<6>          |red<0>         |   12.056|
sw<6>          |red<1>         |   12.320|
sw<6>          |red<2>         |   12.515|
sw<7>          |blue<0>        |   12.951|
sw<7>          |blue<1>        |   12.862|
sw<7>          |green<0>       |   12.167|
sw<7>          |green<1>       |   13.069|
sw<7>          |green<2>       |   12.027|
sw<7>          |red<0>         |   11.406|
sw<7>          |red<1>         |   11.670|
sw<7>          |red<2>         |   11.865|
---------------+---------------+---------+


Analysis completed Wed Mar 26 12:21:13 2014 
--------------------------------------------------------------------------------

Trace Settings:
-------------------------
Trace Settings 

Peak Memory Usage: 139 MB



