--------------------------------------------------------------------------------
Release 14.7 Trace  (nt)
Copyright (c) 1995-2013 Xilinx, Inc.  All rights reserved.

C:\Xilinx\14.7\ISE_DS\ISE\bin\nt\unwrapped\trce.exe -v 3 -s 5 -n 3 -fastpaths
group_photos_top.ncd group_photos_top.pcf -o group_photos_top_postpar.twr

Design file:              group_photos_top.ncd
Physical constraint file: group_photos_top.pcf
Device,package,speed:     xc3s500e,fg320,-5 (PRODUCTION 1.27 2013-10-13)
Report level:             verbose report

Environment Variable      Effect 
--------------------      ------ 
NONE                      No environment variables were set
--------------------------------------------------------------------------------

INFO:Timing:2698 - No timing constraints found, doing default enumeration.
INFO:Timing:3412 - To improve timing, see the Timing Closure User Guide (UG612).
INFO:Timing:2752 - To get complete path coverage, use the unconstrained paths 
   option. All paths that are not constrained will be reported in the 
   unconstrained paths section(s) of the report.
INFO:Timing:3339 - The clock-to-out numbers in this timing report are based on 
   a 50 Ohm transmission line loading model.  For the details of this model, 
   and for more information on accounting for different loading conditions, 
   please see the device datasheet.
INFO:Timing:3390 - This architecture does not support a default System Jitter 
   value, please add SYSTEM_JITTER constraint to the UCF to modify the Clock 
   Uncertainty calculation.
INFO:Timing:3389 - This architecture does not support 'Discrete Jitter' and 
   'Phase Error' calculations, these terms will be zero in the Clock 
   Uncertainty calculation.  Please make appropriate modification to 
   SYSTEM_JITTER to account for the unsupported Discrete Jitter and Phase 
   Error.



Data Sheet report:
-----------------
All values displayed in nanoseconds (ns)

Clock to Setup on destination clock mclk
---------------+---------+---------+---------+---------+
               | Src:Rise| Src:Fall| Src:Rise| Src:Fall|
Source Clock   |Dest:Rise|Dest:Rise|Dest:Fall|Dest:Fall|
---------------+---------+---------+---------+---------+
mclk           |    2.752|         |         |         |
---------------+---------+---------+---------+---------+

Pad to Pad
---------------+---------------+---------+
Source Pad     |Destination Pad|  Delay  |
---------------+---------------+---------+
sw<2>          |blue<0>        |   12.392|
sw<2>          |blue<1>        |   13.490|
sw<2>          |green<0>       |   11.592|
sw<2>          |green<1>       |   12.035|
sw<2>          |green<2>       |   12.470|
sw<2>          |red<0>         |   11.144|
sw<2>          |red<1>         |   11.305|
sw<2>          |red<2>         |   12.439|
sw<3>          |blue<0>        |   11.995|
sw<3>          |blue<1>        |   13.093|
sw<3>          |green<0>       |   11.195|
sw<3>          |green<1>       |   11.638|
sw<3>          |green<2>       |   12.073|
sw<3>          |red<0>         |   10.747|
sw<3>          |red<1>         |   10.908|
sw<3>          |red<2>         |   12.042|
sw<4>          |blue<0>        |   12.316|
sw<4>          |blue<1>        |   13.354|
sw<4>          |green<0>       |   12.304|
sw<4>          |green<1>       |   12.747|
sw<4>          |green<2>       |   12.106|
sw<4>          |red<0>         |   11.562|
sw<4>          |red<1>         |   12.178|
sw<4>          |red<2>         |   11.961|
sw<5>          |blue<0>        |   11.187|
sw<5>          |blue<1>        |   12.225|
sw<5>          |green<0>       |   11.175|
sw<5>          |green<1>       |   11.618|
sw<5>          |green<2>       |   10.977|
sw<5>          |red<0>         |   10.433|
sw<5>          |red<1>         |   11.049|
sw<5>          |red<2>         |   10.832|
sw<6>          |blue<0>        |   12.491|
sw<6>          |blue<1>        |   13.096|
sw<6>          |green<0>       |   11.824|
sw<6>          |green<1>       |   12.612|
sw<6>          |green<2>       |   12.038|
sw<6>          |red<0>         |   11.437|
sw<6>          |red<1>         |   11.900|
sw<6>          |red<2>         |   12.432|
sw<7>          |blue<0>        |   12.242|
sw<7>          |blue<1>        |   12.847|
sw<7>          |green<0>       |   11.575|
sw<7>          |green<1>       |   12.363|
sw<7>          |green<2>       |   11.789|
sw<7>          |red<0>         |   11.188|
sw<7>          |red<1>         |   11.651|
sw<7>          |red<2>         |   12.183|
---------------+---------------+---------+


Analysis completed Tue Mar 25 20:32:52 2014 
--------------------------------------------------------------------------------

Trace Settings:
-------------------------
Trace Settings 

Peak Memory Usage: 138 MB



