EN skye NULL C:/My_Designs/Lab7/Lab7/src/skye.vhd sub00/vhpl14 1395793912
AR vga_bsprite2a vga_bsprite2a C:/My_Designs/Lab7/Lab7/src/vga_bsprite2a.vhd sub00/vhpl05 1395793911
EN clockdivider NULL C:/My_Designs/Lab7/Lab7/src/ClockDivider.vhd sub00/vhpl00 1395793906
EN reymoyet NULL C:/My_Designs/Lab7/Lab7/src/reymoyet.vhd sub00/vhpl06 1395793916
EN group_photos_top NULL C:/My_Designs/Lab7/Lab7/src/group_photos_top.vhd sub00/vhpl08 1395793922
AR vga_640x480 vga_640x480 C:/My_Designs/Lab7/Lab7/src/vga_640x480.vhd sub00/vhpl03 1395793909
AR vga_stripes_top vga_stripes_top C:/My_Designs/Lab7/Lab7/src/vga_stripes_top.vhd sub00/vhpl13 1395793921
AR skye skye_a C:/My_Designs/Lab7/Lab7/src/skye.vhd sub00/vhpl15 1395793913
EN mona NULL C:/My_Designs/Lab7/Lab7/src/mona.vhd sub00/vhpl16 1395793914
EN vga_bsprite2a NULL C:/My_Designs/Lab7/Lab7/src/vga_bsprite2a.vhd sub00/vhpl04 1395793910
AR mona mona_a C:/My_Designs/Lab7/Lab7/src/mona.vhd sub00/vhpl17 1395793915
AR clockdivider clockdivider C:/My_Designs/Lab7/Lab7/src/ClockDivider.vhd sub00/vhpl01 1395793907
EN vga_640x480 NULL C:/My_Designs/Lab7/Lab7/src/vga_640x480.vhd sub00/vhpl02 1395793908
AR reymoyet reymoyet_a C:/My_Designs/Lab7/Lab7/src/reymoyet.vhd sub00/vhpl07 1395793917
EN vga_stripes NULL C:/My_Designs/Lab7/Lab7/src/vga_stripes.vhd sub00/vhpl10 1395793918
AR group_photos_top group_photos_top C:/My_Designs/Lab7/Lab7/src/group_photos_top.vhd sub00/vhpl09 1395793923
AR vga_stripes vga_stripes C:/My_Designs/Lab7/Lab7/src/vga_stripes.vhd sub00/vhpl11 1395793919
EN vga_stripes_top NULL C:/My_Designs/Lab7/Lab7/src/vga_stripes_top.vhd sub00/vhpl12 1395793920
