EN skye NULL C:/My_Designs/Lab7/Lab7/src/skye.vhd sub00/vhpl14 1395853492
AR vga_bsprite2a vga_bsprite2a C:/My_Designs/Lab7/Lab7/src/vga_bsprite2a.vhd sub00/vhpl05 1395853491
EN clockdivider NULL C:/My_Designs/Lab7/Lab7/src/ClockDivider.vhd sub00/vhpl00 1395853486
EN reymoyet NULL C:/My_Designs/Lab7/Lab7/src/reymoyet.vhd sub00/vhpl06 1395853496
EN group_photos_top NULL C:/My_Designs/Lab7/Lab7/src/group_photos_top.vhd sub00/vhpl08 1395853510
AR vga_640x480 vga_640x480 C:/My_Designs/Lab7/Lab7/src/vga_640x480.vhd sub00/vhpl03 1395853489
AR vga_bsprite4a2 vga_bsprite4a2 C:/My_Designs/Lab7/Lab7/src/vga_bsprite4a2.vhd sub00/vhpl19 1395853501
AR clock_pulse clock_pulse C:/My_Designs/Lab7/Lab7/src/clock_pulse.vhd sub00/vhpl23 1395853503
EN group_photos_top2 NULL C:/My_Designs/Lab7/Lab7/src/group_photos_top2.vhd sub00/vhpl20 1395853506
AR vga_stripes_top vga_stripes_top C:/My_Designs/Lab7/Lab7/src/vga_stripes_top.vhd sub00/vhpl13 1395853509
AR skye skye_a C:/My_Designs/Lab7/Lab7/src/skye.vhd sub00/vhpl15 1395853493
EN mona NULL C:/My_Designs/Lab7/Lab7/src/mona.vhd sub00/vhpl16 1395853494
EN vga_bsprite4a2 NULL C:/My_Designs/Lab7/Lab7/src/vga_bsprite4a2.vhd sub00/vhpl18 1395853500
EN bounce NULL C:/My_Designs/Lab7/Lab7/src/bounce.vhd sub00/vhpl24 1395853504
EN vga_bsprite2a NULL C:/My_Designs/Lab7/Lab7/src/vga_bsprite2a.vhd sub00/vhpl04 1395853490
AR group_photos_top2 group_photos_top2 C:/My_Designs/Lab7/Lab7/src/group_photos_top2.vhd sub00/vhpl21 1395853507
AR mona mona_a C:/My_Designs/Lab7/Lab7/src/mona.vhd sub00/vhpl17 1395853495
AR clockdivider clockdivider C:/My_Designs/Lab7/Lab7/src/ClockDivider.vhd sub00/vhpl01 1395853487
EN vga_640x480 NULL C:/My_Designs/Lab7/Lab7/src/vga_640x480.vhd sub00/vhpl02 1395853488
AR reymoyet reymoyet_a C:/My_Designs/Lab7/Lab7/src/reymoyet.vhd sub00/vhpl07 1395853497
EN vga_stripes NULL C:/My_Designs/Lab7/Lab7/src/vga_stripes.vhd sub00/vhpl10 1395853498
AR bounce bounce C:/My_Designs/Lab7/Lab7/src/bounce.vhd sub00/vhpl25 1395853505
AR group_photos_top group_photos_top C:/My_Designs/Lab7/Lab7/src/group_photos_top.vhd sub00/vhpl09 1395853511
AR vga_stripes vga_stripes C:/My_Designs/Lab7/Lab7/src/vga_stripes.vhd sub00/vhpl11 1395853499
EN vga_stripes_top NULL C:/My_Designs/Lab7/Lab7/src/vga_stripes_top.vhd sub00/vhpl12 1395853508
EN clock_pulse NULL C:/My_Designs/Lab7/Lab7/src/clock_pulse.vhd sub00/vhpl22 1395853502
