V3 26
FL C:/My_Designs/Lab7/Lab7/src/ClockDivider.vhd 2014/03/24.14:47:55 P.20131013
EN Lab7/ClockDivider 1395710011 FL C:/My_Designs/Lab7/Lab7/src/ClockDivider.vhd \
      PB ieee/std_logic_1164 1381692176 PB ieee/STD_LOGIC_UNSIGNED 1381692179
AR Lab7/ClockDivider/clockdivider 1395710012 \
      FL C:/My_Designs/Lab7/Lab7/src/ClockDivider.vhd EN Lab7/ClockDivider 1395710011
FL C:/My_Designs/Lab7/Lab7/src/group_photos_top.vhd 2014/03/24.20:45:50 P.20131013
EN Lab7/group_photos_top 1395710023 \
      FL C:/My_Designs/Lab7/Lab7/src/group_photos_top.vhd PB ieee/std_logic_1164 1381692176
AR Lab7/group_photos_top/group_photos_top 1395710024 \
      FL C:/My_Designs/Lab7/Lab7/src/group_photos_top.vhd \
      EN Lab7/group_photos_top 1395710023 AR Lab7/reymoyet/reymoyet_a 1395710018 \
      AR Lab7/ClockDivider/clockdivider 1395710012 \
      AR Lab7/vga_bsprite2a/vga_bsprite2a 1395710016 \
      AR Lab7/vga_640x480/vga_640x480 1395710014 CP ClockDivider CP vga_640x480 \
      CP vga_bsprite2a CP reymoyet
FL C:/My_Designs/Lab7/Lab7/src/reymoyet.vhd 2014/03/24.20:34:36 P.20131013
EN Lab7/reymoyet 1395710017 FL C:/My_Designs/Lab7/Lab7/src/reymoyet.vhd \
      PB ieee/std_logic_1164 1381692176
AR Lab7/reymoyet/reymoyet_a 1395710018 \
      FL C:/My_Designs/Lab7/Lab7/src/reymoyet.vhd EN Lab7/reymoyet 1395710017
FL C:/My_Designs/Lab7/Lab7/src/vga_640x480.vhd 2014/03/24.14:39:08 P.20131013
EN Lab7/vga_640x480 1395710013 FL C:/My_Designs/Lab7/Lab7/src/vga_640x480.vhd \
      PB ieee/std_logic_1164 1381692176 PB ieee/STD_LOGIC_UNSIGNED 1381692179
AR Lab7/vga_640x480/vga_640x480 1395710014 \
      FL C:/My_Designs/Lab7/Lab7/src/vga_640x480.vhd EN Lab7/vga_640x480 1395710013
FL C:/My_Designs/Lab7/Lab7/src/vga_bsprite2a.vhd 2014/03/24.21:12:54 P.20131013
EN Lab7/vga_bsprite2a 1395710015 FL C:/My_Designs/Lab7/Lab7/src/vga_bsprite2a.vhd \
      PB ieee/std_logic_1164 1381692176 PB ieee/STD_LOGIC_UNSIGNED 1381692179
AR Lab7/vga_bsprite2a/vga_bsprite2a 1395710016 \
      FL C:/My_Designs/Lab7/Lab7/src/vga_bsprite2a.vhd EN Lab7/vga_bsprite2a 1395710015
FL C:/My_Designs/Lab7/Lab7/src/vga_stripes.vhd 2014/03/24.21:04:19 P.20131013
EN Lab7/vga_stripes 1395710019 FL C:/My_Designs/Lab7/Lab7/src/vga_stripes.vhd \
      PB ieee/std_logic_1164 1381692176 PB ieee/STD_LOGIC_UNSIGNED 1381692179
AR Lab7/vga_stripes/vga_stripes 1395710020 \
      FL C:/My_Designs/Lab7/Lab7/src/vga_stripes.vhd EN Lab7/vga_stripes 1395710019
FL C:/My_Designs/Lab7/Lab7/src/vga_stripes_top.vhd 2014/03/24.21:05:09 P.20131013
EN Lab7/vga_stripes_top 1395710021 \
      FL C:/My_Designs/Lab7/Lab7/src/vga_stripes_top.vhd PB ieee/std_logic_1164 1381692176
AR Lab7/vga_stripes_top/vga_stripes_top 1395710022 \
      FL C:/My_Designs/Lab7/Lab7/src/vga_stripes_top.vhd EN Lab7/vga_stripes_top 1395710021 \
      AR Lab7/ClockDivider/clockdivider 1395710012 \
      AR Lab7/vga_640x480/vga_640x480 1395710014 AR Lab7/vga_stripes/vga_stripes 1395710020 \
      CP ClockDivider CP vga_640x480 CP vga_stripes
