AR vga_bsprite2a vga_bsprite2a C:/My_Designs/project/project/src/vga_bsprite2a.vhd sub00/vhpl11 1397763930
EN clockdivider NULL C:/My_Designs/project/project/src/ClockDivider.vhd sub00/vhpl00 1397763921
AR x7segb x7segb C:/My_Designs/project/project/src/x7segb.vhd sub00/vhpl21 1397763938
AR vga_640x480 vga_640x480 C:/My_Designs/project/project/src/vga_640x480.vhd sub00/vhpl09 1397763928
AR tank_sprite2 tank_sprite2 C:/My_Designs/project/project/src/tank_sprite2.vhd sub00/vhpl15 1397763934
AR tank_sprite tank_sprite C:/My_Designs/project/project/src/tank_sprite.vhd sub00/vhpl13 1397763932
EN clkdiv NULL C:/My_Designs/project/project/src/clkdiv.vhd sub00/vhpl06 1397763925
EN vga_bsprite2a NULL C:/My_Designs/project/project/src/vga_bsprite2a.vhd sub00/vhpl10 1397763929
AR clockdivider clockdivider C:/My_Designs/project/project/src/ClockDivider.vhd sub00/vhpl01 1397763922
AR nes_driver nes_driver C:/My_Designs/project/project/src/nes_driver.vhd sub00/vhpl03 1397763924
EN vga_640x480 NULL C:/My_Designs/project/project/src/vga_640x480.vhd sub00/vhpl08 1397763927
EN nes_driver NULL C:/My_Designs/project/project/src/nes_driver.vhd sub00/vhpl02 1397763923
AR clkdiv clkdiv C:/My_Designs/project/project/src/clkdiv.vhd sub00/vhpl07 1397763926
EN whosturn NULL C:/My_Designs/project/project/src/whosTurn.vhd sub00/vhpl16 1397763935
AR vga_bsprite2a_top vga_bsprite2a_top C:/My_Designs/project/project/src/vga_bsprite2a_top.vhd sub00/vhpl19 1397763940
EN nes_driver_top NULL C:/My_Designs/project/project/src/nes_driver_top.vhd sub00/vhpl04 1397763941
AR whosturn whosturn C:/My_Designs/project/project/src/whosTurn.vhd sub00/vhpl17 1397763936
AR nes_driver_top nes_driver_top C:/My_Designs/project/project/src/nes_driver_top.vhd sub00/vhpl05 1397763942
EN tank_sprite NULL C:/My_Designs/project/project/src/tank_sprite.vhd sub00/vhpl12 1397763931
EN tank_sprite2 NULL C:/My_Designs/project/project/src/tank_sprite2.vhd sub00/vhpl14 1397763933
EN x7segb NULL C:/My_Designs/project/project/src/x7segb.vhd sub00/vhpl20 1397763937
EN vga_bsprite2a_top NULL C:/My_Designs/project/project/src/vga_bsprite2a_top.vhd sub00/vhpl18 1397763939
