AR vga_bsprite2a vga_bsprite2a C:/My_Designs/project/project/src/vga_bsprite2a.vhd sub00/vhpl11 1398369312
EN screenmux NULL C:/My_Designs/project/project/src/screenMux.vhd sub00/vhpl24 1398006940
EN fonts NULL C:/My_Designs/project/project/src/fonts.vhd sub00/vhpl40 1398369337
EN clockdivider NULL C:/My_Designs/project/project/src/ClockDivider.vhd sub00/vhpl00 1398294394
AR screenstate screenstate C:/My_Designs/project/project/src/screenState.vhd sub00/vhpl27 1398369330
AR debounce debounce C:/My_Designs/project/project/src/debounce.vhd sub00/vhpl35 1398369336
AR x7segb x7segb C:/My_Designs/project/project/src/x7segb.vhd sub00/vhpl21 1398369324
EN buttonmux NULL C:/My_Designs/project/project/src/buttonMux.vhd sub00/vhpl22 1398369325
AR vga_640x480 vga_640x480 C:/My_Designs/project/project/src/vga_640x480.vhd sub00/vhpl09 1398369310
AR tank_sprite2 tank_sprite2 C:/My_Designs/project/project/src/tank_sprite2.vhd sub00/vhpl15 1398369318
AR tank_sprite tank_sprite C:/My_Designs/project/project/src/tank_sprite.vhd sub00/vhpl13 1398369316
AR buttonmux buttonmux C:/My_Designs/project/project/src/buttonMux.vhd sub00/vhpl23 1398369326
EN screenstate NULL C:/My_Designs/project/project/src/screenState.vhd sub00/vhpl26 1398369329
AR title_prom title_prom C:/My_Designs/project/project/src/title_prom.vhd sub00/vhpl33 1398369342
EN clkdiv NULL C:/My_Designs/project/project/src/clkdiv.vhd sub00/vhpl06 1398369307
EN screenselector NULL C:/My_Designs/project/project/src/screenSelector.vhd sub00/vhpl30 1398369327
EN vga_bsprite2a NULL C:/My_Designs/project/project/src/vga_bsprite2a.vhd sub00/vhpl10 1398369311
EN titleimage NULL C:/My_Designs/project/project/src/titleImage.vhd sub00/vhpl38 1398369333
EN title_prom NULL C:/My_Designs/project/project/src/title_prom.vhd sub00/vhpl32 1398369341
EN pulser NULL C:/My_Designs/project/project/src/pulser.vhd sub00/vhpl42 1398369313
AR clockdivider clockdivider C:/My_Designs/project/project/src/ClockDivider.vhd sub00/vhpl01 1398294395
AR test test_a C:/My_Designs/project/project/src/test.vhd sub00/vhpl37 1398209339
AR nes_driver nes_driver C:/My_Designs/project/project/src/nes_driver.vhd sub00/vhpl03 1398369322
EN vga_640x480 NULL C:/My_Designs/project/project/src/vga_640x480.vhd sub00/vhpl08 1398369309
EN debounce NULL C:/My_Designs/project/project/src/debounce.vhd sub00/vhpl34 1398369335
EN nes_driver NULL C:/My_Designs/project/project/src/nes_driver.vhd sub00/vhpl02 1398369321
EN whoseturn NULL C:/My_Designs/project/project/src/whoseTurn.vhd sub00/vhpl44 1398369319
AR whoseturn whoseturn C:/My_Designs/project/project/src/whoseTurn.vhd sub00/vhpl45 1398369320
AR clkdiv clkdiv C:/My_Designs/project/project/src/clkdiv.vhd sub00/vhpl07 1398369308
EN whosturn NULL C:/My_Designs/project/project/src/whosTurn.vhd sub00/vhpl16 1398294408
AR vga_bsprite2a_top vga_bsprite2a_top C:/My_Designs/project/project/src/vga_bsprite2a_top.vhd sub00/vhpl19 1398369340
AR titleimage titleimage_a C:/My_Designs/project/project/src/titleImage.vhd sub00/vhpl39 1398369334
EN nes_driver_top NULL C:/My_Designs/project/project/src/nes_driver_top.vhd sub00/vhpl04 1398294430
AR screenselector screenselector C:/My_Designs/project/project/src/screenSelector.vhd sub00/vhpl31 1398369328
AR fonts fonts_a C:/My_Designs/project/project/src/fonts.vhd sub00/vhpl41 1398369338
EN titlescreen NULL C:/My_Designs/project/project/src/titleScreen.vhd sub00/vhpl28 1398369331
AR whosturn whosturn C:/My_Designs/project/project/src/whosTurn.vhd sub00/vhpl17 1398294409
AR nes_driver_top nes_driver_top C:/My_Designs/project/project/src/nes_driver_top.vhd sub00/vhpl05 1398294431
EN test NULL C:/My_Designs/project/project/src/test.vhd sub00/vhpl36 1398209338
AR titlescreen titlescreen C:/My_Designs/project/project/src/titleScreen.vhd sub00/vhpl29 1398369332
EN tank_sprite NULL C:/My_Designs/project/project/src/tank_sprite.vhd sub00/vhpl12 1398369315
EN tank_sprite2 NULL C:/My_Designs/project/project/src/tank_sprite2.vhd sub00/vhpl14 1398369317
AR screenmux screenmux C:/My_Designs/project/project/src/screenMux.vhd sub00/vhpl25 1398006941
EN x7segb NULL C:/My_Designs/project/project/src/x7segb.vhd sub00/vhpl20 1398369323
AR pulser pulser C:/My_Designs/project/project/src/pulser.vhd sub00/vhpl43 1398369314
EN vga_bsprite2a_top NULL C:/My_Designs/project/project/src/vga_bsprite2a_top.vhd sub00/vhpl18 1398369339
