AR vga_bsprite2a vga_bsprite2a C:/My_Designs/project/project/src/vga_bsprite2a.vhd sub00/vhpl11 1398294403
EN screenmux NULL C:/My_Designs/project/project/src/screenMux.vhd sub00/vhpl24 1398006940
EN fonts NULL C:/My_Designs/project/project/src/fonts.vhd sub00/vhpl40 1398294424
EN clockdivider NULL C:/My_Designs/project/project/src/ClockDivider.vhd sub00/vhpl00 1398294394
AR screenstate screenstate C:/My_Designs/project/project/src/screenState.vhd sub00/vhpl27 1398294417
AR debounce debounce C:/My_Designs/project/project/src/debounce.vhd sub00/vhpl35 1398294423
AR x7segb x7segb C:/My_Designs/project/project/src/x7segb.vhd sub00/vhpl21 1398294411
EN buttonmux NULL C:/My_Designs/project/project/src/buttonMux.vhd sub00/vhpl22 1398294412
AR vga_640x480 vga_640x480 C:/My_Designs/project/project/src/vga_640x480.vhd sub00/vhpl09 1398294401
AR tank_sprite2 tank_sprite2 C:/My_Designs/project/project/src/tank_sprite2.vhd sub00/vhpl15 1398294407
AR tank_sprite tank_sprite C:/My_Designs/project/project/src/tank_sprite.vhd sub00/vhpl13 1398294405
AR buttonmux buttonmux C:/My_Designs/project/project/src/buttonMux.vhd sub00/vhpl23 1398294413
EN screenstate NULL C:/My_Designs/project/project/src/screenState.vhd sub00/vhpl26 1398294416
AR title_prom title_prom C:/My_Designs/project/project/src/title_prom.vhd sub00/vhpl33 1398294429
EN clkdiv NULL C:/My_Designs/project/project/src/clkdiv.vhd sub00/vhpl06 1398294398
EN screenselector NULL C:/My_Designs/project/project/src/screenSelector.vhd sub00/vhpl30 1398294414
EN vga_bsprite2a NULL C:/My_Designs/project/project/src/vga_bsprite2a.vhd sub00/vhpl10 1398294402
EN titleimage NULL C:/My_Designs/project/project/src/titleImage.vhd sub00/vhpl38 1398294420
EN title_prom NULL C:/My_Designs/project/project/src/title_prom.vhd sub00/vhpl32 1398294428
AR clockdivider clockdivider C:/My_Designs/project/project/src/ClockDivider.vhd sub00/vhpl01 1398294395
AR test test_a C:/My_Designs/project/project/src/test.vhd sub00/vhpl37 1398209339
AR nes_driver nes_driver C:/My_Designs/project/project/src/nes_driver.vhd sub00/vhpl03 1398294397
EN vga_640x480 NULL C:/My_Designs/project/project/src/vga_640x480.vhd sub00/vhpl08 1398294400
EN debounce NULL C:/My_Designs/project/project/src/debounce.vhd sub00/vhpl34 1398294422
EN nes_driver NULL C:/My_Designs/project/project/src/nes_driver.vhd sub00/vhpl02 1398294396
AR clkdiv clkdiv C:/My_Designs/project/project/src/clkdiv.vhd sub00/vhpl07 1398294399
EN whosturn NULL C:/My_Designs/project/project/src/whosTurn.vhd sub00/vhpl16 1398294408
AR vga_bsprite2a_top vga_bsprite2a_top C:/My_Designs/project/project/src/vga_bsprite2a_top.vhd sub00/vhpl19 1398294427
AR titleimage titleimage_a C:/My_Designs/project/project/src/titleImage.vhd sub00/vhpl39 1398294421
EN nes_driver_top NULL C:/My_Designs/project/project/src/nes_driver_top.vhd sub00/vhpl04 1398294430
AR screenselector screenselector C:/My_Designs/project/project/src/screenSelector.vhd sub00/vhpl31 1398294415
AR fonts fonts_a C:/My_Designs/project/project/src/fonts.vhd sub00/vhpl41 1398294425
EN titlescreen NULL C:/My_Designs/project/project/src/titleScreen.vhd sub00/vhpl28 1398294418
AR whosturn whosturn C:/My_Designs/project/project/src/whosTurn.vhd sub00/vhpl17 1398294409
AR nes_driver_top nes_driver_top C:/My_Designs/project/project/src/nes_driver_top.vhd sub00/vhpl05 1398294431
EN test NULL C:/My_Designs/project/project/src/test.vhd sub00/vhpl36 1398209338
AR titlescreen titlescreen C:/My_Designs/project/project/src/titleScreen.vhd sub00/vhpl29 1398294419
EN tank_sprite NULL C:/My_Designs/project/project/src/tank_sprite.vhd sub00/vhpl12 1398294404
EN tank_sprite2 NULL C:/My_Designs/project/project/src/tank_sprite2.vhd sub00/vhpl14 1398294406
AR screenmux screenmux C:/My_Designs/project/project/src/screenMux.vhd sub00/vhpl25 1398006941
EN x7segb NULL C:/My_Designs/project/project/src/x7segb.vhd sub00/vhpl20 1398294410
EN vga_bsprite2a_top NULL C:/My_Designs/project/project/src/vga_bsprite2a_top.vhd sub00/vhpl18 1398294426
