V3 11
FL C:/My_Designs/project/project/src/ClockDivider.vhd 2014/04/16.19:45:33 P.20131013
EN project/ClockDivider 1397693609 \
      FL C:/My_Designs/project/project/src/ClockDivider.vhd \
      PB ieee/std_logic_1164 1381692176 PB ieee/STD_LOGIC_UNSIGNED 1381692179
AR project/ClockDivider/ClockDivider 1397693610 \
      FL C:/My_Designs/project/project/src/ClockDivider.vhd \
      EN project/ClockDivider 1397693609
FL C:/My_Designs/project/project/src/nes_driver.vhd 2014/04/16.19:45:39 P.20131013
EN project/nes_driver 1397693611 \
      FL C:/My_Designs/project/project/src/nes_driver.vhd PB ieee/std_logic_1164 1381692176 \
      PB ieee/NUMERIC_STD 1381692181
AR project/nes_driver/nes_driver 1397693612 \
      FL C:/My_Designs/project/project/src/nes_driver.vhd EN project/nes_driver 1397693611
FL C:/My_Designs/project/project/src/nes_driver_top.vhd 2014/04/16.20:09:37 P.20131013
EN project/nes_driver_top 1397693613 \
      FL C:/My_Designs/project/project/src/nes_driver_top.vhd \
      PB ieee/std_logic_1164 1381692176
AR project/nes_driver_top/nes_driver_top 1397693614 \
      FL C:/My_Designs/project/project/src/nes_driver_top.vhd \
      EN project/nes_driver_top 1397693613 AR project/nes_driver/nes_driver 1397693612 \
      AR project/ClockDivider/ClockDivider 1397693610 CP ClockDivider \
      CP nes_driver
