V3 42
FL C:/My_Designs/project/project/src/clkdiv.vhd 2014/04/17.13:23:21 P.20131013
EN project/clkdiv 1397763925 FL C:/My_Designs/project/project/src/clkdiv.vhd \
      PB ieee/std_logic_1164 1381692176 PB ieee/STD_LOGIC_UNSIGNED 1381692179
AR project/clkdiv/clkdiv 1397763926 \
      FL C:/My_Designs/project/project/src/clkdiv.vhd EN project/clkdiv 1397763925
FL C:/My_Designs/project/project/src/ClockDivider.vhd 2014/04/16.19:45:33 P.20131013
EN project/ClockDivider 1397763921 \
      FL C:/My_Designs/project/project/src/ClockDivider.vhd \
      PB ieee/std_logic_1164 1381692176 PB ieee/STD_LOGIC_UNSIGNED 1381692179
AR project/ClockDivider/ClockDivider 1397763922 \
      FL C:/My_Designs/project/project/src/ClockDivider.vhd \
      EN project/ClockDivider 1397763921
FL C:/My_Designs/project/project/src/nes_driver.vhd 2014/04/16.19:45:39 P.20131013
EN project/nes_driver 1397763923 \
      FL C:/My_Designs/project/project/src/nes_driver.vhd PB ieee/std_logic_1164 1381692176 \
      PB ieee/NUMERIC_STD 1381692181
AR project/nes_driver/nes_driver 1397763924 \
      FL C:/My_Designs/project/project/src/nes_driver.vhd EN project/nes_driver 1397763923
FL C:/My_Designs/project/project/src/nes_driver_top.vhd 2014/04/16.20:09:37 P.20131013
EN project/nes_driver_top 1397763941 \
      FL C:/My_Designs/project/project/src/nes_driver_top.vhd \
      PB ieee/std_logic_1164 1381692176
AR project/nes_driver_top/nes_driver_top 1397763942 \
      FL C:/My_Designs/project/project/src/nes_driver_top.vhd \
      EN project/nes_driver_top 1397763941 AR project/nes_driver/nes_driver 1397763924 \
      AR project/ClockDivider/ClockDivider 1397763922 CP ClockDivider \
      CP nes_driver
FL C:/My_Designs/project/project/src/tank_sprite.vhd 2014/04/17.13:24:15 P.20131013
EN project/tank_sprite 1397763931 \
      FL C:/My_Designs/project/project/src/tank_sprite.vhd PB ieee/std_logic_1164 1381692176 \
      PB ieee/STD_LOGIC_UNSIGNED 1381692179
AR project/tank_sprite/tank_sprite 1397763932 \
      FL C:/My_Designs/project/project/src/tank_sprite.vhd EN project/tank_sprite 1397763931
FL C:/My_Designs/project/project/src/tank_sprite2.vhd 2014/04/17.13:24:22 P.20131013
EN project/tank_sprite2 1397763933 \
      FL C:/My_Designs/project/project/src/tank_sprite2.vhd \
      PB ieee/std_logic_1164 1381692176 PB ieee/STD_LOGIC_UNSIGNED 1381692179
AR project/tank_sprite2/tank_sprite2 1397763934 \
      FL C:/My_Designs/project/project/src/tank_sprite2.vhd \
      EN project/tank_sprite2 1397763933
FL C:/My_Designs/project/project/src/vga_640x480.vhd 2014/04/17.13:24:30 P.20131013
EN project/vga_640x480 1397763927 \
      FL C:/My_Designs/project/project/src/vga_640x480.vhd PB ieee/std_logic_1164 1381692176 \
      PB ieee/STD_LOGIC_UNSIGNED 1381692179
AR project/vga_640x480/vga_640x480 1397763928 \
      FL C:/My_Designs/project/project/src/vga_640x480.vhd EN project/vga_640x480 1397763927
FL C:/My_Designs/project/project/src/vga_bsprite2a.vhd 2014/04/17.13:52:51 P.20131013
EN project/vga_bsprite2a 1397763929 \
      FL C:/My_Designs/project/project/src/vga_bsprite2a.vhd \
      PB ieee/std_logic_1164 1381692176 PB ieee/STD_LOGIC_UNSIGNED 1381692179
AR project/vga_bsprite2a/vga_bsprite2a 1397763930 \
      FL C:/My_Designs/project/project/src/vga_bsprite2a.vhd \
      EN project/vga_bsprite2a 1397763929
FL C:/My_Designs/project/project/src/vga_bsprite2a_top.vhd 2014/04/17.15:27:00 P.20131013
EN project/vga_bsprite2a_top 1397763939 \
      FL C:/My_Designs/project/project/src/vga_bsprite2a_top.vhd \
      PB ieee/std_logic_1164 1381692176
AR project/vga_bsprite2a_top/vga_bsprite2a_top 1397763940 \
      FL C:/My_Designs/project/project/src/vga_bsprite2a_top.vhd \
      EN project/vga_bsprite2a_top 1397763939 AR project/clkdiv/clkdiv 1397763926 \
      AR project/nes_driver/nes_driver 1397763924 \
      AR project/vga_bsprite2a/vga_bsprite2a 1397763930 \
      AR project/tank_sprite/tank_sprite 1397763932 \
      AR project/tank_sprite2/tank_sprite2 1397763934 \
      AR project/vga_640x480/vga_640x480 1397763928 AR project/x7segb/x7segb 1397763938 \
      CP clkdiv CP vga_640x480 CP vga_bsprite2a CP tank_sprite CP tank_sprite2 \
      CP project/whosTurn CP nes_driver CP x7segb
FL C:/My_Designs/project/project/src/whosTurn.vhd 2014/04/17.15:44:47 P.20131013
EN project/whosTurn 1397763935 FL C:/My_Designs/project/project/src/whosTurn.vhd \
      PB ieee/std_logic_1164 1381692176
AR project/whosTurn/whosturn 1397763936 \
      FL C:/My_Designs/project/project/src/whosTurn.vhd EN project/whosTurn 1397763935
FL C:/My_Designs/project/project/src/x7segb.vhd 2014/03/19.17:24:59 P.20131013
EN project/x7segb 1397763937 FL C:/My_Designs/project/project/src/x7segb.vhd \
      PB ieee/std_logic_1164 1381692176 PB ieee/STD_LOGIC_UNSIGNED 1381692179
AR project/x7segb/x7segb 1397763938 \
      FL C:/My_Designs/project/project/src/x7segb.vhd EN project/x7segb 1397763937
