V3 87
FL C:/My_Designs/project/project/src/buttonMux.vhd 2014/04/24.13:35:48 P.20131013
EN project/buttonMux 1398375547 \
      FL C:/My_Designs/project/project/src/buttonMux.vhd PB ieee/std_logic_1164 1381692176
AR project/buttonMux/buttonMux 1398375548 \
      FL C:/My_Designs/project/project/src/buttonMux.vhd EN project/buttonMux 1398375547
FL C:/My_Designs/project/project/src/clkdiv.vhd 2014/04/24.13:35:48 P.20131013
EN project/clkdiv 1398375529 FL C:/My_Designs/project/project/src/clkdiv.vhd \
      PB ieee/std_logic_1164 1381692176 PB ieee/STD_LOGIC_UNSIGNED 1381692179
AR project/clkdiv/clkdiv 1398375530 \
      FL C:/My_Designs/project/project/src/clkdiv.vhd EN project/clkdiv 1398375529
FL C:/My_Designs/project/project/src/ClockDivider.vhd 2014/04/21.11:23:59 P.20131013
EN project/ClockDivider 1398294394 \
      FL C:/My_Designs/project/project/src/ClockDivider.vhd \
      PB ieee/std_logic_1164 1381692176 PB ieee/STD_LOGIC_UNSIGNED 1381692179
AR project/ClockDivider/ClockDivider 1398294395 \
      FL C:/My_Designs/project/project/src/ClockDivider.vhd \
      EN project/ClockDivider 1398294394
FL C:/My_Designs/project/project/src/debounce.vhd 2014/04/24.13:35:48 P.20131013
EN project/debounce 1398375557 FL C:/My_Designs/project/project/src/debounce.vhd \
      PB ieee/std_logic_1164 1381692176
AR project/debounce/debounce 1398375558 \
      FL C:/My_Designs/project/project/src/debounce.vhd EN project/debounce 1398375557
FL C:/My_Designs/project/project/src/fonts.vhd 2014/04/23.17:36:57 P.20131013
EN project/fonts 1398375559 FL C:/My_Designs/project/project/src/fonts.vhd \
      PB ieee/std_logic_1164 1381692176
AR project/fonts/fonts_a 1398375560 \
      FL C:/My_Designs/project/project/src/fonts.vhd EN project/fonts 1398375559
FL C:/My_Designs/project/project/src/nes_driver.vhd 2014/04/24.13:35:48 P.20131013
EN project/nes_driver 1398375543 \
      FL C:/My_Designs/project/project/src/nes_driver.vhd PB ieee/std_logic_1164 1381692176 \
      PB ieee/NUMERIC_STD 1381692181
AR project/nes_driver/nes_driver 1398375544 \
      FL C:/My_Designs/project/project/src/nes_driver.vhd EN project/nes_driver 1398375543
FL C:/My_Designs/project/project/src/nes_driver_top.vhd 2014/04/16.20:09:37 P.20131013
EN project/nes_driver_top 1398294430 \
      FL C:/My_Designs/project/project/src/nes_driver_top.vhd \
      PB ieee/std_logic_1164 1381692176
AR project/nes_driver_top/nes_driver_top 1398294431 \
      FL C:/My_Designs/project/project/src/nes_driver_top.vhd \
      EN project/nes_driver_top 1398294430 AR project/nes_driver/nes_driver 1398375544 \
      AR project/ClockDivider/ClockDivider 1398294395 CP ClockDivider \
      CP nes_driver
FL C:/My_Designs/project/project/src/pulser.vhd 2014/04/24.13:35:48 P.20131013
EN project/pulser 1398375535 FL C:/My_Designs/project/project/src/pulser.vhd \
      PB ieee/std_logic_1164 1381692176 PB ieee/STD_LOGIC_UNSIGNED 1381692179
AR project/pulser/pulser 1398375536 \
      FL C:/My_Designs/project/project/src/pulser.vhd EN project/pulser 1398375535
FL C:/My_Designs/project/project/src/screenMux.vhd 2014/04/20.11:09:42 P.20131013
EN project/screenMux 1398006940 \
      FL C:/My_Designs/project/project/src/screenMux.vhd PB ieee/std_logic_1164 1381692176
AR project/screenMux/screenMux 1398006941 \
      FL C:/My_Designs/project/project/src/screenMux.vhd EN project/screenMux 1398006940
FL C:/My_Designs/project/project/src/screenSelector.vhd 2014/04/24.13:35:48 P.20131013
EN project/screenSelector 1398375549 \
      FL C:/My_Designs/project/project/src/screenSelector.vhd \
      PB ieee/std_logic_1164 1381692176
AR project/screenSelector/screenSelector 1398375550 \
      FL C:/My_Designs/project/project/src/screenSelector.vhd \
      EN project/screenSelector 1398375549
FL C:/My_Designs/project/project/src/screenState.vhd 2014/04/24.13:35:48 P.20131013
EN project/screenState 1398375551 \
      FL C:/My_Designs/project/project/src/screenState.vhd PB ieee/std_logic_1164 1381692176 \
      PB ieee/STD_LOGIC_UNSIGNED 1381692179
AR project/screenState/screenState 1398375552 \
      FL C:/My_Designs/project/project/src/screenState.vhd EN project/screenState 1398375551
FL C:/My_Designs/project/project/src/tank_sprite.vhd 2014/04/24.13:35:48 P.20131013
EN project/tank_sprite 1398375537 \
      FL C:/My_Designs/project/project/src/tank_sprite.vhd PB ieee/std_logic_1164 1381692176 \
      PB ieee/STD_LOGIC_UNSIGNED 1381692179
AR project/tank_sprite/tank_sprite 1398375538 \
      FL C:/My_Designs/project/project/src/tank_sprite.vhd EN project/tank_sprite 1398375537
FL C:/My_Designs/project/project/src/tank_sprite2.vhd 2014/04/24.13:35:48 P.20131013
EN project/tank_sprite2 1398375539 \
      FL C:/My_Designs/project/project/src/tank_sprite2.vhd \
      PB ieee/std_logic_1164 1381692176 PB ieee/STD_LOGIC_UNSIGNED 1381692179
AR project/tank_sprite2/tank_sprite2 1398375540 \
      FL C:/My_Designs/project/project/src/tank_sprite2.vhd \
      EN project/tank_sprite2 1398375539
FL C:/My_Designs/project/project/src/test.vhd 2014/04/22.17:29:40 P.20131013
EN project/test 1398209338 FL C:/My_Designs/project/project/src/test.vhd \
      PB ieee/std_logic_1164 1381692176
AR project/test/test_a 1398209339 \
      FL C:/My_Designs/project/project/src/test.vhd EN project/test 1398209338
FL C:/My_Designs/project/project/src/titleImage.vhd 2014/04/23.16:29:35 P.20131013
EN project/titleImage 1398375555 \
      FL C:/My_Designs/project/project/src/titleImage.vhd PB ieee/std_logic_1164 1381692176
AR project/titleImage/titleImage_a 1398375556 \
      FL C:/My_Designs/project/project/src/titleImage.vhd EN project/titleImage 1398375555
FL C:/My_Designs/project/project/src/titleScreen.vhd 2014/04/24.14:00:40 P.20131013
EN project/titleScreen 1398375553 \
      FL C:/My_Designs/project/project/src/titleScreen.vhd PB ieee/std_logic_1164 1381692176 \
      PB ieee/STD_LOGIC_UNSIGNED 1381692179
AR project/titleScreen/titleScreen 1398375554 \
      FL C:/My_Designs/project/project/src/titleScreen.vhd EN project/titleScreen 1398375553
FL C:/My_Designs/project/project/src/title_prom.vhd 2014/04/24.13:35:48 P.20131013
EN project/title_prom 1398375563 \
      FL C:/My_Designs/project/project/src/title_prom.vhd PB ieee/std_logic_1164 1381692176 \
      PB ieee/STD_LOGIC_UNSIGNED 1381692179
AR project/title_prom/title_prom 1398375564 \
      FL C:/My_Designs/project/project/src/title_prom.vhd EN project/title_prom 1398375563
FL C:/My_Designs/project/project/src/vga_640x480.vhd 2014/04/24.13:35:48 P.20131013
EN project/vga_640x480 1398375531 \
      FL C:/My_Designs/project/project/src/vga_640x480.vhd PB ieee/std_logic_1164 1381692176 \
      PB ieee/STD_LOGIC_UNSIGNED 1381692179
AR project/vga_640x480/vga_640x480 1398375532 \
      FL C:/My_Designs/project/project/src/vga_640x480.vhd EN project/vga_640x480 1398375531
FL C:/My_Designs/project/project/src/vga_bsprite2a.vhd 2014/04/24.17:38:25 P.20131013
EN project/vga_bsprite2a 1398375533 \
      FL C:/My_Designs/project/project/src/vga_bsprite2a.vhd \
      PB ieee/std_logic_1164 1381692176 PB ieee/STD_LOGIC_UNSIGNED 1381692179 \
      PB ieee/std_logic_arith 1381692177
AR project/vga_bsprite2a/vga_bsprite2a 1398375534 \
      FL C:/My_Designs/project/project/src/vga_bsprite2a.vhd \
      EN project/vga_bsprite2a 1398375533
FL C:/My_Designs/project/project/src/vga_bsprite2a_top.vhd 2014/04/24.16:35:11 P.20131013
EN project/vga_bsprite2a_top 1398375561 \
      FL C:/My_Designs/project/project/src/vga_bsprite2a_top.vhd \
      PB ieee/std_logic_1164 1381692176
AR project/vga_bsprite2a_top/vga_bsprite2a_top 1398375562 \
      FL C:/My_Designs/project/project/src/vga_bsprite2a_top.vhd \
      EN project/vga_bsprite2a_top 1398375561 CP project/clkdiv \
      CP project/vga_640x480 CP project/vga_bsprite2a CP project/pulser \
      CP project/tank_sprite CP project/tank_sprite2 CP project/whoseTurn \
      CP project/nes_driver CP project/x7segb CP project/buttonMux \
      CP project/screenSelector CP project/screenState CP project/titleScreen \
      CP project/titleImage CP project/debounce CP project/fonts
FL C:/My_Designs/project/project/src/whoseTurn.vhd 2014/04/24.17:09:07 P.20131013
EN project/whoseTurn 1398375541 \
      FL C:/My_Designs/project/project/src/whoseTurn.vhd PB ieee/std_logic_1164 1381692176
AR project/whoseTurn/whoseTurn 1398375542 \
      FL C:/My_Designs/project/project/src/whoseTurn.vhd EN project/whoseTurn 1398375541
FL C:/My_Designs/project/project/src/whosTurn.vhd 2014/04/19.19:49:08 P.20131013
EN project/whosTurn 1398294408 FL C:/My_Designs/project/project/src/whosTurn.vhd \
      PB ieee/std_logic_1164 1381692176
AR project/whosTurn/whosturn 1398294409 \
      FL C:/My_Designs/project/project/src/whosTurn.vhd EN project/whosTurn 1398294408
FL C:/My_Designs/project/project/src/x7segb.vhd 2014/04/24.13:35:48 P.20131013
EN project/x7segb 1398375545 FL C:/My_Designs/project/project/src/x7segb.vhd \
      PB ieee/std_logic_1164 1381692176 PB ieee/STD_LOGIC_UNSIGNED 1381692179
AR project/x7segb/x7segb 1398375546 \
      FL C:/My_Designs/project/project/src/x7segb.vhd EN project/x7segb 1398375545
