EN clockdivider NULL C:/My_Designs/Lab3/part1/RegAndMuxCtrl/src/ClockDivider.vhd sub00/vhpl12 1392606271
AR x7segb x7segb C:/My_Designs/Lab3/part1/RegAndMuxCtrl/src/x7segb.vhd sub00/vhpl17 1392606274
AR reg reg C:/My_Designs/Lab3/part1/RegAndMuxCtrl/src/reg.vhd sub00/vhpl05 1392606264
AR clock_pulse clock_pulse C:/My_Designs/Lab3/part1/RegAndMuxCtrl/src/clock_pulse.vhd sub00/vhpl11 1392606270
EN euclidsgcd NULL C:/My_Designs/Lab3/part1/RegAndMuxCtrl/src/EuclidsGCD.vhd sub00/vhpl08 1392606267
EN euclidsgcd_top NULL C:/My_Designs/Lab3/part1/RegAndMuxCtrl/src/EuclidsGCD_top.vhd sub00/vhpl14 1392606277
AR euclidsgcd euclidsgcd C:/My_Designs/Lab3/part1/RegAndMuxCtrl/src/EuclidsGCD.vhd sub00/vhpl09 1392606268
AR clockdivider clockdivider C:/My_Designs/Lab3/part1/RegAndMuxCtrl/src/ClockDivider.vhd sub00/vhpl13 1392606272
AR regandmuxctrl regandmuxctrl C:/My_Designs/Lab3/part1/RegAndMuxCtrl/src/RegAndMuxCtrl.vhd sub00/vhpl01 1392606260
EN regandmuxctrl NULL C:/My_Designs/Lab3/part1/RegAndMuxCtrl/src/RegAndMuxCtrl.vhd sub00/vhpl00 1392606259
EN submax2 NULL C:/My_Designs/Lab3/part1/RegAndMuxCtrl/src/submax2.vhd sub00/vhpl06 1392606265
EN euclidsgcd_top2 NULL C:/My_Designs/Lab3/part1/RegAndMuxCtrl/src/EuclidsGCD_top2.vhd sub00/vhpl18 1392606275
AR euclidsgcd_top euclidsgcd_top C:/My_Designs/Lab3/part1/RegAndMuxCtrl/src/EuclidsGCD_top.vhd sub00/vhpl15 1392606278
AR euclidsgcd_top2 euclidsgcd_top2 C:/My_Designs/Lab3/part1/RegAndMuxCtrl/src/EuclidsGCD_top2.vhd sub00/vhpl19 1392606276
EN mux24b NULL C:/My_Designs/Lab3/part1/RegAndMuxCtrl/src/mux24b.vhd sub00/vhpl02 1392606261
EN clock_pulse NULL C:/My_Designs/Lab3/part1/RegAndMuxCtrl/src/clock_pulse.vhd sub00/vhpl10 1392606269
EN x7segb NULL C:/My_Designs/Lab3/part1/RegAndMuxCtrl/src/x7segb.vhd sub00/vhpl16 1392606273
AR submax2 submax2 C:/My_Designs/Lab3/part1/RegAndMuxCtrl/src/submax2.vhd sub00/vhpl07 1392606266
AR mux24b mux24b C:/My_Designs/Lab3/part1/RegAndMuxCtrl/src/mux24b.vhd sub00/vhpl03 1392606262
EN reg NULL C:/My_Designs/Lab3/part1/RegAndMuxCtrl/src/reg.vhd sub00/vhpl04 1392606263
