V3 27
FL C:/Users/snschnei/Documents/Lab4/lab4/src/adc_decoder.vhd 2014/02/17.16:11:58 O.61xd
EN lab4/adc_decoder 1392857703 \
      FL C:/Users/snschnei/Documents/Lab4/lab4/src/adc_decoder.vhd \
      PB ieee/std_logic_1164 1308643377 PB ieee/STD_LOGIC_UNSIGNED 1308643379
AR lab4/adc_decoder/adc_decoder 1392857704 \
      FL C:/Users/snschnei/Documents/Lab4/lab4/src/adc_decoder.vhd \
      EN lab4/adc_decoder 1392857703
FL C:/Users/snschnei/Documents/Lab4/lab4/src/adc_driver.vhd 2014/02/17.16:54:14 O.61xd
EN lab4/adc_driver 1392857705 \
      FL C:/Users/snschnei/Documents/Lab4/lab4/src/adc_driver.vhd \
      PB ieee/std_logic_1164 1308643377
AR lab4/adc_driver/adc_driver 1392857706 \
      FL C:/Users/snschnei/Documents/Lab4/lab4/src/adc_driver.vhd \
      EN lab4/adc_driver 1392857705 AR lab4/reg/reg 1392857698 \
      AR lab4/shift10/shift10 1392857700 AR lab4/spi_ctrl/spi_ctrl 1392857702 \
      CP reg CP shift10 CP spi_ctrl
FL C:/Users/snschnei/Documents/Lab4/lab4/src/ClockDivider.vhd 2014/02/17.16:18:42 O.61xd
EN lab4/ClockDivider 1392857707 \
      FL C:/Users/snschnei/Documents/Lab4/lab4/src/ClockDivider.vhd \
      PB ieee/std_logic_1164 1308643377 PB ieee/STD_LOGIC_UNSIGNED 1308643379
AR lab4/ClockDivider/clockdivider 1392857708 \
      FL C:/Users/snschnei/Documents/Lab4/lab4/src/ClockDivider.vhd \
      EN lab4/ClockDivider 1392857707
FL C:/Users/snschnei/Documents/Lab4/lab4/src/lab4_top.vhd 2014/02/17.16:54:20 O.61xd
EN lab4/lab4_top 1392857709 \
      FL C:/Users/snschnei/Documents/Lab4/lab4/src/lab4_top.vhd \
      PB ieee/std_logic_1164 1308643377
AR lab4/lab4_top/lab4_top 1392857710 \
      FL C:/Users/snschnei/Documents/Lab4/lab4/src/lab4_top.vhd EN lab4/lab4_top 1392857709 \
      AR lab4/adc_decoder/adc_decoder 1392857704 AR lab4/adc_driver/adc_driver 1392857706 \
      AR lab4/ClockDivider/clockdivider 1392857708 CP adc_decoder CP adc_driver \
      CP ClockDivider
FL C:/Users/snschnei/Documents/Lab4/lab4/src/reg.vhd 2014/02/17.16:54:14 O.61xd
EN lab4/reg 1392857697 FL C:/Users/snschnei/Documents/Lab4/lab4/src/reg.vhd \
      PB ieee/std_logic_1164 1308643377
AR lab4/reg/reg 1392857698 \
      FL C:/Users/snschnei/Documents/Lab4/lab4/src/reg.vhd EN lab4/reg 1392857697
FL C:/Users/snschnei/Documents/Lab4/lab4/src/shift10.vhd 2014/02/19.19:54:46 O.61xd
EN lab4/shift10 1392857699 \
      FL C:/Users/snschnei/Documents/Lab4/lab4/src/shift10.vhd \
      PB ieee/std_logic_1164 1308643377
AR lab4/shift10/shift10 1392857700 \
      FL C:/Users/snschnei/Documents/Lab4/lab4/src/shift10.vhd EN lab4/shift10 1392857699
FL C:/Users/snschnei/Documents/Lab4/lab4/src/spi_ctrl.vhd 2014/02/17.16:54:20 O.61xd
EN lab4/spi_ctrl 1392857701 \
      FL C:/Users/snschnei/Documents/Lab4/lab4/src/spi_ctrl.vhd \
      PB ieee/std_logic_1164 1308643377
AR lab4/spi_ctrl/spi_ctrl 1392857702 \
      FL C:/Users/snschnei/Documents/Lab4/lab4/src/spi_ctrl.vhd EN lab4/spi_ctrl 1392857701
